// Jest Snapshot v1, https://goo.gl/fbAQLP

exports[`jsonToDataURI returns escaped JSON data uri 1`] = `"data:application/json;charset=utf-8,%7B%22test%22%3A%22test%20json%22%7D"`;
