// Jest Snapshot v1, https://goo.gl/fbAQLP

exports[`renders sidebar and chart 1`] = `
<div
  id="test-render-container"
>
  <div
    class="mock-editor-sidebar"
  >
    Charts: [
  {
    "name": "Test chart 1",
    "rowsX": 10,
    "rowsY": 10,
    "shape": {
      "tag": "Top",
      "size": 40
    },
    "albums": [
      1,
      2,
      3,
      4,
      5,
      6,
      7,
      8,
      9,
      10
    ]
  },
  {
    "name": "Test chart 2",
    "rowsX": 3,
    "rowsY": 3,
    "shape": {
      "tag": "Collage"
    },
    "albums": [
      10,
      11,
      12,
      13,
      14,
      15,
      16,
      17,
      18,
      19
    ]
  }
]
    Screenshot state: {
  "loading": false,
  "scale": 2
}
    Search state: {
  "tag": "Complete",
  "query": "Test search query",
  "albums": []
}
    API key: Test api key
    Active chart index: 1
  </div>
  <div
    class="mock-editor-chart"
  >
    Albums: [
  10,
  11,
  12,
  13,
  14,
  15,
  16,
  17,
  18,
  19
]
    Highlighted: 5
    Name: Test chart 2
    Rows X: 3
    Rows Y: 3
    Shape: {"tag":"Collage"}
  </div>
</div>
`;
