// Jest Snapshot v1, https://goo.gl/fbAQLP

exports[`renders form 1`] = `
<div
  id="test-render-container"
>
  <form>
    Test children
  </form>
</div>
`;
