// Jest Snapshot v1, https://goo.gl/fbAQLP

exports[`renders album action button 1`] = `
<div
  id="test-render-container"
>
  <div
    class="mock-album-action-button"
    title="Delete"
  >
    🗑️
  </div>
</div>
`;
