// Jest Snapshot v1, https://goo.gl/fbAQLP

exports[`renders styled aside 1`] = `
.emotion-0 {
  display: -webkit-box;
  display: -webkit-flex;
  display: -ms-flexbox;
  display: flex;
  -webkit-flex-direction: column;
  -ms-flex-direction: column;
  flex-direction: column;
  -webkit-flex-shrink: 0;
  -ms-flex-negative: 0;
  flex-shrink: 0;
  width: 20rem;
  height: calc(100vh - (1rem * 2));
  margin-right: 1rem;
}

<div
  id="test-render-container"
>
  <aside
    class="emotion-0"
  >
    Test children
  </aside>
</div>
`;
