// Jest Snapshot v1, https://goo.gl/fbAQLP

exports[`renders children and dispatches on mouse leave 1`] = `
.emotion-0 {
  display: -webkit-box;
  display: -webkit-flex;
  display: -ms-flexbox;
  display: flex;
  -webkit-flex-direction: column;
  -ms-flex-direction: column;
  flex-direction: column;
  -webkit-align-items: center;
  -webkit-box-align: center;
  -ms-flex-align: center;
  align-items: center;
  margin-right: 1rem;
}

<div
  id="test-render-container"
>
  <div
    class="emotion-0"
    id="rows"
  >
    Test children
  </div>
</div>
`;
