// Jest Snapshot v1, https://goo.gl/fbAQLP

exports[`renders as button 1`] = `
.emotion-0 {
  background: black;
  color: white;
  border: 1px solid white;
  padding: 0.25rem;
}

<div
  id="test-render-container"
>
  <button
    class="emotion-0 test-class"
    disabled=""
  >
    Test children
  </button>
</div>
`;
