// Jest Snapshot v1, https://goo.gl/fbAQLP

exports[`renders header and children, passes ref 1`] = `
.emotion-1 {
  display: -webkit-box;
  display: -webkit-flex;
  display: -ms-flexbox;
  display: flex;
  -webkit-flex-direction: column;
  -ms-flex-direction: column;
  flex-direction: column;
  padding: 1rem;
  border: 1px solid white;
}

.emotion-0 {
  display: -webkit-box;
  display: -webkit-flex;
  display: -ms-flexbox;
  display: flex;
  -webkit-align-items: flex-start;
  -webkit-box-align: flex-start;
  -ms-flex-align: flex-start;
  align-items: flex-start;
}

<div
  id="test-render-container"
>
  <main
    class="emotion-1"
  >
    <h1>
      Test chart
    </h1>
    <div
      class="emotion-0"
    >
      Test children
    </div>
  </main>
</div>
`;
