// Jest Snapshot v1, https://goo.gl/fbAQLP

exports[`renders labelled radio button 1`] = `
.emotion-1 {
  display: -webkit-box;
  display: -webkit-flex;
  display: -ms-flexbox;
  display: flex;
  -webkit-align-items: center;
  -webkit-box-align: center;
  -ms-flex-align: center;
  align-items: center;
}

.emotion-1:not(:first-of-type) {
  margin-left: 0.5rem;
}

.emotion-1:not(:last-of-type) {
  margin-right: 0.5rem;
}

.emotion-0 {
  margin-right: 0.25rem;
}

<div
  id="test-render-container"
>
  <div
    class="emotion-1"
  >
    <input
      checked=""
      class="emotion-0"
      id="test-radio-button"
      type="radio"
    />
    <div
      class="mock-label"
    >
      Target: test-radio-button
      Test children
    </div>
  </div>
</div>
`;
